-given            :      4490.78 HVN RSW PBI TPA FLL MCO HVN
