-farthest         :      4089.15 HVN MCO TPA PBI FLL RSW HVN
