-farthest         :     58787.68 BDL CTG SJO ANC CMH WAW NBO CTU CGK BDL
