-exchange adjacent:     47520.52 BWI DCA IAD BDL TXL HER ZRH AMS LAX SFO HNL SEA IAH MDW CLT GSO RDU CDG HVN BWI
