TSP: could not open do_not_submit_a_file_with_this_name.in
