-exchange any     :      3907.75 HVN PBI FLL RSW TPA MCO HVN
