-exchange any     :     45320.37 BDL CTG SJO CMH ANC CTU CGK NBO WAW BDL
