-exchange any     :     33398.31 BWI DCA IAD RDU GSO CLT MDW IAH LAX SFO HNL SEA CDG ZRH HER TXL AMS BDL HVN BWI
