-farthest         :      9809.46 SEA YVR IAH DAL MCI STL DCA BWI SEA
-exchange adjacent:      9306.22 SEA YVR MCI STL BWI DCA IAH DAL SEA
-exchange any     :      9306.22 SEA YVR MCI STL BWI DCA IAH DAL SEA
