-farthest         :       278.37 HVN BDR GON BDL HVN
-exchange adjacent:       273.63 HVN GON BDL BDR HVN
-exchange any     :       273.63 HVN GON BDL BDR HVN
