-exchange adjacent:     48275.21 DEN MEL DAC DME LOS BOG DEN
-exchange any     :     48275.21 DEN MEL DAC DME LOS BOG DEN
