-given            :     60184.29 DEN DME LOS MEL DAC BOG DEN
-exchange adjacent:     48275.21 DEN MEL DAC DME LOS BOG DEN
-farthest         :     59095.53 DEN LOS BOG DME DAC MEL DEN
-exchange any     :     48275.21 DEN MEL DAC DME LOS BOG DEN
-exchange any     :     48275.21 DEN MEL DAC DME LOS BOG DEN
-exchange adjacent:     48275.21 DEN MEL DAC DME LOS BOG DEN
-given            :     60184.29 DEN DME LOS MEL DAC BOG DEN
