TSP: could not open this_file_should_not_exist.in
