-farthest         :    575923.43 LEI VLL SCQ PNA FNI LDV TFN GLN DKR KBS PHI GRP MBK MBZ CMG CBB TCQ ILQ REY MGF NVT URG PET BHI RSA AFA ZCO CPO CJC TUC SJP BHZ TFF BAZ OTU GRA WSP GLF VIG SFD TOV SFG BGI BMJ SXM FSP OZP MJV BXE KGG KEN ROB BVB CAJ CZE CCS VQS CUP GGN CPT HDS AMP RRG ANO LLI TIF TIE DUR MQP PLZ NLA MYW NCH MFA MMQ LFO HYD IXW ULN MOG GAU BIR TEZ KNU DIG NAO BJU PGH MSH AMH CEO PNR FDU BNB ION GIZ FJR DEL MWD AF3 AF4 MYP OUE LBQ BSG DIV BYK BOY COO LRL NGE RAE THR BEV EG1 PSD BAK SZF KGS VOG ERD SLS TJM KHV NBC KIV OHD NSY TGR DBV TGM OMO NAP CIA PMI BZR MEN KSC LUE KLU ILZ GNA OSP OBF LUG GNB XMR BOD BOR BYU FKB MHG FRF HDF RNB MMK BMA KTT SVA VZL PCA A03 KLL A50 LAR FYV MS3 FPY TIX CEG DUB NCL DND SXL WIC UXA MOU WMO 04A EAG OQX VZA HAY A07 UXM HGZ A94 A72 NIN A93 A71 FVW SKW TAL PAQ WTT AK6 05A AK3 A53 LAK BQV KWF FQJ NKI FQA FIC YPR YCK GOH YVN YOP YQZ YXJ YZH GFA JZR YOD YDU YGX YGW YKU YLQ ALB HZL VGC DQK YAT ZPB MSA YOG YSP STQ IDI EKN JFN AKC BRY JEF TNU JMN MIC MSP OEO HPT AUM CCY DEH RHI MUT PCD RFD DPA MGC CGX MKE RAC JXN WBR MI4 TVC MI3 BVR PTK AXV TDZ FDY QBY S24 CA4 OSU OH1 PHN MCD YXZ EVM CBF ILL VWL MIQ MCI TBN K01 LNP SIK SLN HSI OGA DIK VWF ZBX HRO MQY THA THV YAF YVP WFK B21 CAR MGJ CRX UOX MS1 MLT DXR CT2 AUG EHT ME3 ZLT HAB SHD IAD HSV BCB BBF WAS WRI NY8 NSF RIC BID OCE YHZ INT PIM NC2 EUF VWT OAJ NKT ABY MUL SAV AYS UST BFF KKI PGM VWW NUP A87 SCM FDE OSL VST OHR ZXE BHX FZO BBS CFR SNR ATC XWN CXY FMY PIB RYE CXH SMN DEN WA7 ORI ADQ YGN YQQ DTR GUF UXP CIG DQD LXV PUB FRD PTR WSJ SQV PWT MLD CNE MWL ENV ONP LKV TCC PTN NET SML TX7 DYS CLC PGA TX9 AUS JGC 1G4 LAS ALM EED WQD A28 IZO YGJ UKB ITM HND PCE A56 BSM ELA ERV SAT MRK PDS AZ3 YUM MMH RBF A69 AKB UDD LOI TX3 CCC CAP ARE CZM JAL PCG MCR UII AHS USH ACA GDL DWA POC NKX LAX QAX A61 SUU APC AVX HUH MOZ NHV LTO OXR SNS MKK MDY TIZ BCI BVI PEN CAH WNP PMP TKK LZR IFL PPP XRH PKE CED RDA DRW MTD SGP KTA KUA TOD PKU CCK BKS JKT SBW IWO BGN FOC MZG HZH LHW TYN CIH YNT KWJ WUX OGN UEO NCP BKK REP SYX LAO LGP DGT BXU BIK CGC WKN ARM PQQ OOM DUD CHT WHO WSZ BHE LEI
