-exchange adjacent:   1570625.91 RFD NLA LAO A07 A53 YGX JFN RSA MIC A94 HUH WSZ TFF AK3 LAK SAV CJC SBW HPT ZBX LNP BVB SNR UXM MSP BBF FYV ARM MWD RAE PNR CCY 04A BJU OMO WIC DUD NKX YSP THA VQS CIA NAP A87 UDD GLN MJV CEG BRY TOD SLS LUE HND CNE LOI DUB MZG MSH BBS DXR A03 MTD ZCO DIV MMQ ITM TAL SKW ILL TVC OSP KWJ CHT URG BGI BCB PDS MWL DEL LHW PTR ORI WFK PET GAU A61 A69 DTR CPO XRH PCE CAP CZE KBS YZH A56 CGC PGH ZPB ELA USH CFR PUB HSV BYK FKB LAR BIR BKK RBF 1G4 JEF PGM RDA HDF OSU MS3 FQJ PQQ AVX MGC IAD OHD CPT OCE GUF KHV DIG SZF FRF BOY PHI K01 BXU AZ3 ARE SXM THV IDI AXV VWW APC NKI YOD BHX ZXE KSC EVM CCC GRA GRP PTK GFA VST MLT BMJ TCQ SIK FRD CAH GOH SXL MOG DWA RAC TUC GGN NBC CXH VWT SCQ LUG KUA UKB BMA BID YXZ MMH CMG ME3 VGC MUT JMN YOP BSG KLU ILZ TIE ULN PAQ GDL CA4 TJM RRG LRL NCL KIV ERD HZH SCM LKV YUM INT PLZ PHN PCD HGZ PMI VLL MBZ CGX FOC SMN TIX HZL TGM SQV MLD KGS FDY HAB ENV WA7 CIH IFL LAS CBF MCI TDZ MBK AMH OOM TKK LTO SUU PWT IZO LBQ AFA PCG CXY WBR BXE BYU KKI OAJ DUR AMP 05A UOX MS1 UST BHI GNA KLL AUM RFD
