-exchange adjacent:   3011771.27 LEI UEO BGN NLA SJP RFD AUM KLL GNA BHI UST MS1 UOX 05A AMP DUR OAJ KKI BYU BXE WBR CXY PCG AFA LBQ IZO PWT SUU LTO TKK OOM AMH MBK TDZ MCI CBF LAS IFL CIH WA7 ENV HAB FDY KGS MLD SQV TGM HZL TIX SMN FOC CGX MBZ VLL PMI HGZ PCD PHN PLZ INT YUM LKV SCM HZH ERD KIV NCL LRL RRG TJM CA4 GDL PAQ ULN TIE ILZ KLU BSG YOP JMN MUT VGC ME3 CMG MMH YXZ BID BMA UKB KUA LUG SCQ VWT CXH NBC GGN TUC RAC DWA MOG SXL GOH CAH FRD SIK TCQ BMJ MLT VST GFA PTK GRP GRA CCC EVM KSC ZXE BHX YOD NKI APC VWW AXV IDI THV SXM ARE AZ3 BXU K01 PHI BOY FRF SZF DIG KHV GUF OCE CPT OHD IAD MGC AVX PQQ FQJ MS3 OSU HDF RDA PGM JEF 1G4 RBF BKK BIR LAR FKB BYK HSV PUB CFR USH ELA ZPB PGH CGC A56 YZH KBS CZE CAP PCE XRH CPO DTR A69 A61 GAU PET WFK ORI PTR LHW DEL MWL PDS BCB BGI URG CHT KWJ OSP TVC ILL SKW TAL ITM MMQ DIV ZCO MTD A03 DXR BBS MSH MZG DUB LOI CNE HND LUE SLS TOD BRY CEG MJV GLN UDD A87 NAP CIA VQS THA YSP NKX DUD WIC OMO BJU 04A CCY PNR RAE MWD ARM FYV BBF MSP UXM SNR BVB LNP ZBX HPT SBW CJC SAV LAK AK3 TFF WSZ HUH A94 MIC RSA JFN YGX A53 A07 LAO QAX VWF YOG EHT NY8 ATC ILQ WSJ A50 WMO ERV BVI TEZ NIN YCK OGA YHZ MEN PEN PPP POC SLN OQX KTT BVR HSI CLC JAL WHO WUX MYP FZO ADQ DPA TBN MCR XWN CT2 LXV MSA DND TIF MYW LGP XMR YVN B21 PIM TCC WQD FIC DGT LFO PNA MI4 PTN A72 YDU YVP EKN FPY YQQ DBV NSY DQK A93 KNU MFA DYS MIQ AUG BQV AK6 VOG PKU NCP LZR HAY RNB VWL MKE NKT PKE AF4 GNB FDE WTT OGN PSD SML AHS JGC KWF FQA DQD JXN FMY DKR YKU NUP ACA WAS AKC SGP BKS SFG STQ S24 MQY OXR EG1 FNI QBY VZL YNT KTA HDS FJR ABY YXJ PMP CED MGF KGG CCK MKK ALM AUS YAF BEV TIZ AKB EAG MMK MHG CAJ KEN JKT JZR TX3 RIC OUE MQP MOU FVW YPR MUL VIG NAO TYN YGN NHV DRW MDY HRO RHI MGJ NET CBB ANO REP YAT MRK SVA A28 UXP THR NCH TGR NSF UII TNU SNS BIK GLF MI3 OZP BHZ BFF SAT CZM AYS YQZ PCA LDV BOD BZR FDU LLI GIZ BAK BOR MCD BSM ALB WRI CRX YGW UXA HYD ROB TX7 DEN RYE WNP SHD WSP SFD REY TFN OBF OSL YGJ IWO TOV ION SYX BCI EED CCS MOZ ONP VZA OHR YLQ OH1 DEH PGA LAX NC2 CEO CUP TX9 PIB NGE BNB AF3 BHE A71 OEO CAR BAZ COO WKN DIK EUF NVT IXW FSP OTU CIG ZLT LEI
