  0.789 entry15
  0.763 entry23
  0.750 entry20
  0.724 entry32
  0.697 entry1
  0.697 entry37
  0.645 entry11
  0.645 entry22
  0.645 entry35
  0.618 entry34
  0.605 entry29
  0.592 entry14
  0.579 entry12
  0.579 entry3
  0.526 entry28
  0.526 entry7
  0.513 entry39
  0.500 entry21
  0.500 entry24
  0.487 entry6
  0.474 entry4
  0.474 entry9
  0.461 entry10
  0.461 entry16
  0.461 entry17
  0.461 entry19
  0.461 entry25
  0.461 entry8
  0.447 entry13
  0.447 entry33
  0.434 entry18
  0.421 entry38
  0.408 entry26
  0.355 entry2
  0.303 entry30
  0.250 entry5
  0.211 entry31
  0.132 entry36
  0.000 entry27
