Point: 8.000000 26.000000
Point: 16.000000 24.000000
Point: 15.000000 16.000000
