1, 3 have mutual friends 2
1, 5 have no mutual friends
1, 2 have no mutual friends
