0, 1 have no mutual friends
1, 2 have no mutual friends
2, 3 have mutual friends 4
3, 4 have mutual friends 2
4, 5 have no mutual friends
5, 6 have no mutual friends
6, 7 have no mutual friends
7, 8 have no mutual friends
8, 9 have no mutual friends
9, 10 have no mutual friends
10, 11 have no mutual friends
11, 12 have no mutual friends
12, 13 have no mutual friends
13, 14 have no mutual friends
14, 15 have no mutual friends
15, 16 have no mutual friends
16, 17 have no mutual friends
17, 18 have no mutual friends
18, 19 have no mutual friends
19, 20 have no mutual friends
20, 21 have no mutual friends
21, 22 have no mutual friends
22, 23 have no mutual friends
23, 24 have no mutual friends
24, 25 have no mutual friends
25, 26 have no mutual friends
26, 27 have no mutual friends
27, 28 have no mutual friends
28, 29 have no mutual friends
29, 30 have no mutual friends
30, 31 have no mutual friends
31, 32 have no mutual friends
32, 33 have no mutual friends
33, 34 have no mutual friends
34, 35 have no mutual friends
35, 36 have no mutual friends
36, 37 have no mutual friends
37, 38 have no mutual friends
38, 39 have no mutual friends
39, 40 have no mutual friends
40, 41 have no mutual friends
41, 42 have no mutual friends
42, 43 have no mutual friends
43, 44 have no mutual friends
44, 45 have no mutual friends
45, 46 have no mutual friends
46, 47 have no mutual friends
47, 48 have no mutual friends
48, 49 have no mutual friends
49, 50 have no mutual friends
