1, 3 have minimum path length 2
1, 5 have minimum path length 3
1, 2 have minimum path length 1
