1, 500 have minimum path length 11
3, 698 have minimum path length 11
745, 15 have minimum path length 12
