0, 1 have minimum path length 1
1, 2 have minimum path length 1
2, 3 have minimum path length 1
3, 4 have minimum path length 1
4, 5 have minimum path length 1
5, 6 have minimum path length 1
6, 7 have minimum path length 1
7, 8 have minimum path length 1
8, 9 have minimum path length 1
9, 10 have minimum path length 1
10, 11 have minimum path length 1
11, 12 have minimum path length 1
12, 13 have minimum path length 1
13, 14 have minimum path length 1
14, 15 have minimum path length 1
15, 16 have minimum path length 1
16, 17 have minimum path length 1
17, 18 have minimum path length 1
18, 19 have minimum path length 1
19, 20 have minimum path length 1
20, 21 have minimum path length 1
21, 22 have minimum path length 1
22, 23 have minimum path length 1
23, 24 have minimum path length 1
24, 25 have minimum path length 1
25, 26 have minimum path length 1
26, 27 have minimum path length 1
27, 28 have minimum path length 1
28, 29 have minimum path length 1
29, 30 have minimum path length 1
30, 31 have minimum path length 1
31, 32 have minimum path length 1
32, 33 have minimum path length 1
33, 34 have minimum path length 1
34, 35 have minimum path length 1
35, 36 have minimum path length 1
36, 37 have minimum path length 1
37, 38 have minimum path length 1
38, 39 have minimum path length 1
39, 40 have minimum path length 1
40, 41 have minimum path length 1
41, 42 have minimum path length 1
42, 43 have minimum path length 1
43, 44 have minimum path length 1
44, 45 have minimum path length 1
45, 46 have minimum path length 1
46, 47 have minimum path length 1
47, 48 have minimum path length 1
48, 49 have minimum path length 1
49, 50 have minimum path length 1
